positive
negative
neutral
contradiction
entailment
0
1
-1